Open Watcom Linker Version 1.9
Portions Copyright (c) 1985-2002 Sybase, Inc. All Rights Reserved.
Created on:       24/08/24 13:12:11
Executable Image: scampcfg.exe
creating a DOS executable


                        +------------+
                        |   Groups   |
                        +------------+

Group                           Address              Size
=====                           =======              ====

DGROUP                          0784:0000            00002310



                        +--------------+
                        |   Segments   |
                        +--------------+

Segment                Class          Group          Address         Size
=======                =====          =====          =======         ====

scampcfg_TEXT          CODE           AUTO           0000:0000       0000094c
_TEXT                  CODE           AUTO           0000:0950       00002e5e
GRAPH_TEXT             CODE           AUTO           0000:37ae       00001bab
scampcfg13_DATA        FAR_DATA       AUTO           0536:0000       00000004
FAR_DATA               FAR_DATA       AUTO           0536:0004       00000000
StdFont_DATA           FONT_DATA      AUTO           0537:0000       00000a26
Font8x8_DATA           FONT_DATA      AUTO           0537:0a30       00000c98
HercFont_DATA          FONT_DATA      AUTO           0537:16d0       00000e00
_NULL                  BEGDATA        DGROUP         0784:0000       00000020
_AFTERNULL             BEGDATA        DGROUP         0786:0000       00000002
CONST                  DATA           DGROUP         0786:0002       00000b4c
CONST2                 DATA           DGROUP         083a:000e       00000000
_DATA                  DATA           DGROUP         083b:0000       000005c6
XIB                    DATA           DGROUP         0897:0006       00000000
XI                     DATA           DGROUP         0897:0006       00000012
XIE                    DATA           DGROUP         0898:0008       00000000
YIB                    DATA           DGROUP         0898:0008       00000000
YI                     DATA           DGROUP         0898:0008       00000006
YIE                    DATA           DGROUP         0898:000e       00000000
STRINGS                DATA           DGROUP         0898:000e       00000000
DATA                   DATA           DGROUP         0898:000e       00000000
_BSS                   BSS            DGROUP         0898:000e       000001b6
STACK                  STACK          DGROUP         08b5:0000       00001000


                        +----------------+
                        |   Memory Map   |
                        +----------------+

* = unreferenced symbol
+ = symbol only referenced locally

Address        Symbol
=======        ======

Module: scampcfg.obj(C:\EMS\SCAMPCFG\scampcfg.c)
0784:114e+     _pagedata2
0784:115e+     _sregs
0784:1166+     _regs
0784:1174+     _pagenum9000
0784:1176+     _numentries
0000:0000+     EMSExists_
0000:0006+     FreeEMS_
0000:0046+     mapAOld_
0000:00f4+     mapBOld_
0000:01a2+     mapA_
0000:0244+     mapB_
0000:02e6+     I_InitEMS_
0000:07a0+     printchar_
0000:07be      main_
0784:0b70+     _pageframe
0784:0b7b+     _config_regs
0784:0b8c+     _config_names
0784:0bd0+     _setting_names
0784:0c14+     _setting_names_detailed
0784:117a+     _emshandle
0784:117c+     _errorreg
0536:0000+     _pointervalue2
Module: C:\WATCOM\lib286\dos\clibl.lib(intx086.c)
0000:0950+     int86x_
0000:09e9      int86_
Module: C:\WATCOM\lib286\dos\clibl.lib(printf.c)
0000:0a16      printf_
Module: C:\WATCOM\lib286\dos\graph.lib(outtext)
0000:37ae+     _CharLen_
0000:3921      _outtext_
0000:3956*     _outmem_
0000:3976*     _scrolltextwindow_
0000:39bb*     _gettextcursor_
0000:39c9*     _settextcursor_
Module: C:\WATCOM\lib286\dos\graph.lib(textcol)
0000:3a02+     _gettextcolor_
0000:3a30      _settextcolor_
Module: C:\WATCOM\lib286\dos\clibl.lib(sprintf.c)
0000:0a45      sprintf_
Module: C:\WATCOM\lib286\dos\clibl.lib(cstart)
0784:0000*     __nullarea
0784:0e34*     __ovlflag
0784:0e35*     __intno
0784:0e36*     __ovlvec
0000:0a74      _cstart_
0000:0b47*     _Not_Enough_Memory_
0000:0c7b      __exit_
0000:0c9a      __do_exit_with_msg__
0000:0cf8      __GETDS
Module: C:\WATCOM\lib286\dos\clibl.lib(cmodel)
0000:0d02      _big_code_
0000:0d02*     CodeModelMismatch
Module: C:\WATCOM\lib286\dos\clibl.lib(intr.c)
0000:0d02      intr_
Module: C:\WATCOM\lib286\dos\clibl.lib(segread.c)
0000:0d16      segread_
Module: C:\WATCOM\lib286\dos\clibl.lib(iob.c)
0784:0e3a      ___iob
0784:0fa2*     __fmode
0784:117e      ___OpenStreams
0784:1182      ___ClosedStreams
Module: C:\WATCOM\lib286\dos\clibl.lib(fprtf.c)
0000:0d50      __fprtf_
Module: C:\WATCOM\lib286\dos\graph.lib(global)
0784:1186*     __SetVGAPage
0784:118a      __TextPos
0784:118e      __ConfigBuffer
0784:11c4      __Screen
0784:11ce      __DBCSPairs
0784:11d8      __StackSeg
0784:11da*     __VGAStride
0784:11dc      __SVGAType
0784:11de      __DefMode
0784:11e0      __CursorShape
0784:11e2      __DefTextRows
0784:11e4      __Tx_Col_Min
0784:11e6      __Tx_Row_Max
0784:0fa4      __StartUp
0784:0fa5      __GrMode
0784:0fa6      __ErrorStatus
0784:0fa8*     __CurrPos
0784:0fac      __LogOrg
0784:0fb0*     __Clipping
0784:0fb1      __CharAttr
0784:0fb2      __Wrap
0784:0fb4      __CursState
0784:0fb6      __GrCursor
0784:0fb8      __CurrActivePage
0784:0fba*     __CurrVisualPage
0784:0fbc*     __CurrBkColor
0784:0fc0      __CurrColor
0784:0fc2*     __Palette
0784:0fc4      __FillMask
0784:0fcc      __DefMask
0784:0fd4      __HaveMask
0784:0fd5*     __Transparent
0784:0fd7      __PaRf_x
0784:0fd9      __PaRf_y
0784:0fdb      __LineStyle
0784:0fdd*     __StyleWrap
0784:0fdf      __PlotAct
0784:0fe1*     __TextSettings
0784:0ff1*     __CurrFont
0784:0ff5*     __ArcInfo
0784:1013*     __CurrPos_w
0784:1023*     __Window
0784:1035      __BiosSeg
0784:1037      __MonoSeg
0784:1039      __CgaSeg
0784:103b*     __EgaSeg
0784:103d      __RomSeg
0784:103f      __BiosOff
0784:1041      __MonoOff
0784:1043      __CgaOff
0784:1045*     __EgaOff
0784:1047      __RomOff
0784:1049*     __CurrState
0784:11e8      __Tx_Col_Max
0784:11ea      __Tx_Row_Min
0784:11ec      __IsDBCS
0784:11ed*     __VGAPage
0784:11ee*     __VGAGran
Module: C:\WATCOM\lib286\dos\graph.lib(scrollw)
0000:3c20      _ScrollWindow_
Module: C:\WATCOM\lib286\dos\graph.lib(putchar)
0000:3d57      _PutChar_
Module: C:\WATCOM\lib286\dos\graph.lib(getconf)
0000:3f74*     _getvideoconfig_
0000:3f99+     _CalcNumPages_
0000:3fea+     _GetState_
0000:40b5      _InitState_
0000:4109*     _GrInit_
Module: C:\WATCOM\lib286\dos\graph.lib(cursor)
0000:4164      _CursorOn_
0000:4184      _CursorOff_
Module: C:\WATCOM\lib286\dos\graph.lib(devutils)
0000:424f      _GraphMode_
0000:4267*     _GrProlog_
0000:4280      _GrEpilog_
0000:428a*     _InitDevice_
0000:4293*     _FiniDevice_
0000:429d      _StartDevice_
0000:42a7      _ResetDevice_
Module: C:\WATCOM\lib286\dos\clibl.lib(vsprintf.c)
0000:0e34      vsprintf_
Module: C:\WATCOM\lib286\dos\clibl.lib(xmsg.c)
0000:0e5f*     __exit_with_msg_
0000:0e64      __fatal_runtime_error_
Module: C:\WATCOM\lib286\dos\clibl.lib(cmain086.c)
0000:0e82      __CMain
Module: C:\WATCOM\lib286\dos\clibl.lib(initrtns.c)
0000:0ee8      __InitRtns
0000:0ee8*     __FInitRtns
0000:0f43      __FiniRtns
0000:0f43*     __FFiniRtns
Module: C:\WATCOM\lib286\dos\clibl.lib(crwdata)
0784:10a4      __curbrk
0784:10ac      __STACKLOW
0784:10ae      __STACKTOP
0784:10b0      __cbyte
0784:10b2      __child
0784:10b4      __no87
0784:10c2      ___FPE_handler
0784:10a6      __psp
0784:10b6      __get_ovl_stack
0784:10ba      __restore_ovl_stack
0784:10be      __close_ovl_file
0784:10c6      __LpCmdLine
0784:10ca      __LpPgmName
0784:10a8      __osmajor
0784:10a9      __osminor
0784:10aa      __osmode
0784:10ab      __HShift
Module: C:\WATCOM\lib286\dos\clibl.lib(uselfn.c)
0784:10ce      ___uselfn
Module: C:\WATCOM\lib286\dos\clibl.lib(dosseg)
0000:0fa8      __DOSseg__
Module: C:\WATCOM\lib286\dos\clibl.lib(dointr)
0000:0faa      _DoINTR_
Module: C:\WATCOM\lib286\dos\clibl.lib(initfile.c)
0000:1323      __InitFiles_
Module: C:\WATCOM\lib286\dos\clibl.lib(ioexit.c)
0000:1471*     fcloseall_
0000:1478      __full_io_exit_
Module: C:\WATCOM\lib286\dos\clibl.lib(fputc.c)
0000:1482      fputc_
Module: C:\WATCOM\lib286\dos\clibl.lib(ioalloc.c)
0000:1552      __ioalloc_
Module: C:\WATCOM\lib286\dos\clibl.lib(prtf.c)
0000:15ec      __prtf_
Module: C:\WATCOM\lib286\dos\clibl.lib(flush.c)
0000:23ba      __flush_
Module: C:\WATCOM\lib286\dos\graph.lib(std)
0537:0000      __StdFont
Module: C:\WATCOM\lib286\dos\graph.lib(imagesiz)
0000:42b2*     _imagesize_
0000:42e1+     _L2imagesize_
0000:4314      _RowLen_
Module: C:\WATCOM\lib286\dos\graph.lib(gstklow)
0000:4343      _GetStackLow_
Module: C:\WATCOM\lib286\dos\graph.lib(plotactn)
0000:4347+     _getplotaction_
0000:4374      _setplotaction_
Module: C:\WATCOM\lib286\dos\graph.lib(clearscr)
0000:43bb+     _L2clearscreen_
0000:4435*     _clearscreen_
0000:449d      _GrClear_
0000:44f9      _TxtClear_
Module: C:\WATCOM\lib286\dos\graph.lib(font8x8)
0537:1630*     __8x8Font
0537:0a30      __8x8BitMap
Module: C:\WATCOM\lib286\dos\graph.lib(hercfont)
0537:16d0      __HercFont
Module: C:\WATCOM\lib286\dos\graph.lib(sysmtype)
0000:4582      _SysMonType_
Module: C:\WATCOM\lib286\dos\graph.lib(seginit)
0000:4776      _InitSegments_
Module: C:\WATCOM\lib286\dos\graph.lib(l1line)
0000:47d6      _L1SLine_
0000:480b*     _L1Line_
Module: C:\WATCOM\lib286\dos\graph.lib(color)
0000:4933      _getcolor_
0000:493e      _setcolor_
0000:495f+     _L2setcolor_
Module: C:\WATCOM\lib286\dos\clibl.lib(enterdb.c)
0000:24ed      __EnterWVIDEO_
0784:10d0+     ___WD_Present
Module: C:\WATCOM\lib286\dos\clibl.lib(___argc.c)
0784:11f0      ____Argv
0784:11f4      ____Argc
Module: C:\WATCOM\lib286\dos\clibl.lib(amblksiz.c)
0784:10d2      __amblksiz
Module: C:\WATCOM\lib286\dos\clibl.lib(exit.c)
0000:2511+     __null_int23_exit_
0000:2512      exit_
0000:2543*     _exit_
0784:10d4+     ___int23_exit
0784:10d8+     ___FPE_handler_exit
Module: C:\WATCOM\lib286\dos\clibl.lib(sgdef086)
0784:1136      __Start_XI
0784:1148      __End_XI
0784:1148      __Start_YI
0784:114e      __End_YI
Module: C:\WATCOM\lib286\dos\clibl.lib(nmalloc.c)
0000:255c      _nmalloc_
0784:10dc      ___nheapbeg
0784:10de      ___MiniHeapRover
0784:10e0      ___LargestSizeB4MiniHeapRover
Module: C:\WATCOM\lib286\dos\clibl.lib(fmalloc.c)
0000:2636*     _fmalloc_
0000:2636      malloc_
0784:10e2+     ___fheap
0784:10e4      ___fheapRover
0784:10e6      ___LargestSizeB4Rover
Module: C:\WATCOM\lib286\dos\clibl.lib(fclose.c)
0000:2743+     __doclose_
0000:27f4      __shutdown_stream_
0000:280e*     fclose_
0784:11f6+     ___RmTmpFileFn
Module: C:\WATCOM\lib286\dos\clibl.lib(freefp.c)
0000:2859      __freefp_
0000:28d4      __purgefp_
Module: C:\WATCOM\lib286\dos\clibl.lib(seterrno.c)
0000:2915      __set_errno_
0000:2929*     __set_EDOM_
0000:293b*     __set_ERANGE_
0000:294d*     __set_EINVAL_
0000:2962      __set_doserrno_
Module: C:\WATCOM\lib286\dos\clibl.lib(chktty.c)
0000:296e      __chktty_
Module: C:\WATCOM\lib286\dos\clibl.lib(wctomb.c)
0000:2999      wctomb_
Module: C:\WATCOM\lib286\dos\clibl.lib(itoa.c)
0000:29c2+     utoa_
0000:2a1f      itoa_
Module: C:\WATCOM\lib286\dos\clibl.lib(i4m)
0000:2a44*     __I4M
0000:2a44      __U4M
Module: C:\WATCOM\lib286\dos\clibl.lib(strupr.c)
0000:2a5c      strupr_
Module: C:\WATCOM\lib286\dos\clibl.lib(noefgfmt.c)
0784:10e8      ___EFG_printf
0784:10ec*     ___EFG_scanf
Module: C:\WATCOM\lib286\dos\clibl.lib(mbisdbcs.c)
0784:11fa      ___IsDBCS
Module: C:\WATCOM\lib286\dos\clibl.lib(mbislead.c)
0000:2a91*     _ismbblead_
0784:11fc      ___MBCSIsTable
Module: C:\WATCOM\lib286\dos\clibl.lib(lltoa.c)
0000:2aad      ulltoa_
0000:2b92*     lltoa_
Module: C:\WATCOM\lib286\dos\clibl.lib(ltoa.c)
0000:2bf4      ultoa_
0000:2c63*     ltoa_
Module: C:\WATCOM\lib286\dos\clibl.lib(__lseek.c)
0000:2c92      __lseek_
Module: C:\WATCOM\lib286\dos\clibl.lib(qwrit.c)
0000:2ccc      __qwrite_
Module: C:\WATCOM\lib286\dos\clibl.lib(fsync.c)
0000:2d29      fsync_
Module: C:\WATCOM\lib286\dos\graph.lib(i4m)
0000:4974      _GR__I4M
0000:4974*     _GR__U4M
Module: C:\WATCOM\lib286\dos\graph.lib(textpos)
0000:498c+     _gettextposition_
0000:49a8      _settextposition_
Module: C:\WATCOM\lib286\dos\graph.lib(fillmask)
0000:4a1d      _getfillmask_
0000:4a61      _setfillmask_
Module: C:\WATCOM\lib286\dos\graph.lib(l1block)
0000:4ad2      _L1Block_
Module: C:\WATCOM\lib286\dos\graph.lib(svgainfo)
0000:4b57      _SuperVGAType_
0000:4e0e*     _SetSVGAType_
Module: C:\WATCOM\lib286\dos\graph.lib(l1clip)
0000:4e12+     _L1OutCode_
0000:4ecd      _L0LineClip_
0000:501b*     _L0BlockClip_
Module: C:\WATCOM\lib286\dos\graph.lib(l0drwlin)
0000:5089      _L0DrawLine_
Module: C:\WATCOM\lib286\dos\clibl.lib(nmemneed.c)
0000:2d2e      __nmemneed_
Module: C:\WATCOM\lib286\dos\clibl.lib(mem.c)
0000:2d40      __MemAllocator
0000:2e0a      __MemFree
Module: C:\WATCOM\lib286\dos\clibl.lib(grownear.c)
0000:2fec      __LastFree_
0000:3066      __ExpandDGROUP_
Module: C:\WATCOM\lib286\dos\clibl.lib(hpgrw086.c)
0000:3177      __CMain_nheapgrow_
Module: C:\WATCOM\lib286\dos\clibl.lib(growseg.c)
0000:317c      __GrowSeg_
Module: C:\WATCOM\lib286\dos\clibl.lib(allocseg.c)
0000:326e      __AllocSeg_
Module: C:\WATCOM\lib286\dos\clibl.lib(fmemneed.c)
0000:3305      __fmemneed_
Module: C:\WATCOM\lib286\dos\clibl.lib(_clse.c)
0000:3308      __close_
Module: C:\WATCOM\lib286\dos\clibl.lib(ffree.c)
0000:333b*     _ffree_
0000:333b      free_
Module: C:\WATCOM\lib286\dos\clibl.lib(errno.c)
0000:3381      __get_errno_ptr_
0000:3388      __get_doserrno_ptr_
0784:12fe+     _errno
0784:1300+     __doserrno
Module: C:\WATCOM\lib286\dos\clibl.lib(isatt.c)
0000:338f      isatty_
Module: C:\WATCOM\lib286\dos\clibl.lib(alphabet.c)
0784:0b48      ___Alphabet
Module: C:\WATCOM\lib286\dos\clibl.lib(mbinit.c)
0000:33e9      __mbinit_
0784:10f0+     ___MBCodePage
Module: C:\WATCOM\lib286\dos\clibl.lib(dosret.c)
0000:34c4*     _dosretax_
0000:34c9*     _dosret0_
0000:34d0      __set_errno_dos_
0000:352e*     __set_errno_dos_reterr_
Module: C:\WATCOM\lib286\dos\clibl.lib(iomode.c)
0000:3539      __GetIOMode_
0000:355e      __SetIOMode_nogrow_
0784:1106+     ___NFiles
0784:1108+     ___init_mode
0784:1130+     ___io_mode
Module: C:\WATCOM\lib286\dos\clibl.lib(filedos.c)
0000:3581*     _dos_close_
0000:358f      _dos_commit_
Module: C:\WATCOM\lib286\dos\graph.lib(l1fill)
0000:51d5      _L1Fill_
0000:525e*     _L1ClipFill_
Module: C:\WATCOM\lib286\dos\graph.lib(i4d)
0000:528c      _GR__I4D
0000:52d5*     _GR__U4D
Module: C:\WATCOM\lib286\dos\clibl.lib(heapen.c)
0000:359f*     _heapenable_
0784:1134      ___heap_enabled
Module: C:\WATCOM\lib286\dos\clibl.lib(sbrk.c)
0000:35b0*     sbrk_
0000:35c0      __brk_
Module: C:\WATCOM\lib286\dos\clibl.lib(nfree.c)
0000:362a      _nfree_
0784:1302+     ___MiniHeapFreeRover
Module: C:\WATCOM\lib286\dos\clibl.lib(heapgrow.c)
0000:3725*     _heapgrow_
0000:3725*     _fheapgrow_
0000:3726      _nheapgrow_
Module: C:\WATCOM\lib286\dos\clibl.lib(doserror)
0000:37a0      __doserror_


                        +--------------------+
                        |   Libraries Used   |
                        +--------------------+

C:\WATCOM\lib286\dos\graph.lib
C:\WATCOM\lib286\dos\clibl.lib


                        +-----------------------+
                        |   Linker Statistics   |
                        +-----------------------+

Stack size:  1000 (4096.)
Memory size:  9b50 (39760.)
Entry point address: 0000:0a74
Link time: 00:01.53
