Open Watcom Linker Version 1.9
Portions Copyright (c) 1985-2002 Sybase, Inc. All Rights Reserved.
Created on:       24/08/22 14:00:36
Executable Image: test.exe
creating a DOS executable


                        +------------+
                        |   Groups   |
                        +------------+

Group                           Address              Size
=====                           =======              ====

DGROUP                          034f:0000            000018e0



                        +--------------+
                        |   Segments   |
                        +--------------+

Segment                Class          Group          Address         Size
=======                =====          =====          =======         ====

test_TEXT              CODE           AUTO           0000:0000       000006fa
_TEXT                  CODE           AUTO           0000:0700       00002dde
test13_DATA            FAR_DATA       AUTO           034e:0000       00000004
FAR_DATA               FAR_DATA       AUTO           034e:0004       00000000
_NULL                  BEGDATA        DGROUP         034f:0000       00000020
_AFTERNULL             BEGDATA        DGROUP         0351:0000       00000002
CONST                  DATA           DGROUP         0351:0002       000004d0
CONST2                 DATA           DGROUP         039e:0002       00000000
_DATA                  DATA           DGROUP         039e:0002       0000020c
XIB                    DATA           DGROUP         03be:000e       00000000
XI                     DATA           DGROUP         03be:000e       00000012
XIE                    DATA           DGROUP         03c0:0000       00000000
YIB                    DATA           DGROUP         03c0:0000       00000000
YI                     DATA           DGROUP         03c0:0000       00000006
YIE                    DATA           DGROUP         03c0:0006       00000000
STRINGS                DATA           DGROUP         03c0:0006       00000000
DATA                   DATA           DGROUP         03c0:0006       00000000
_BSS                   BSS            DGROUP         03c0:0006       000001bc
STACK                  STACK          DGROUP         03dd:0000       00001000


                        +----------------+
                        |   Memory Map   |
                        +----------------+

* = unreferenced symbol
+ = symbol only referenced locally

Address        Symbol
=======        ======

Module: test.obj(C:\EMS\TEST\test.c)
034f:0716+     _pagedata2
034f:0796+     _sregs
034f:079e+     _regs
034f:07ac+     _pagenum9000
034f:07ae+     _numentries
0000:0000+     EMSExists_
0000:0006+     FreeEMS_
0000:0040+     mapA_
0000:00e2+     mapB_
0000:0184+     I_InitEMS_
0000:06a4      main_
034f:07b2+     _emshandle
034f:07b4+     _errorreg
034e:0000+     _pointervalue2
Module: C:\WATCOM\lib286\dos\clibl.lib(intx086.c)
0000:0700+     int86x_
0000:0799      int86_
Module: C:\WATCOM\lib286\dos\clibl.lib(printf.c)
0000:07c6      printf_
Module: C:\WATCOM\lib286\dos\clibl.lib(cstart)
034f:0000*     __nullarea
034f:04fc*     __ovlflag
034f:04fd*     __intno
034f:04fe*     __ovlvec
0000:07f6      _cstart_
0000:08c9*     _Not_Enough_Memory_
0000:09fd      __exit_
0000:0a1c      __do_exit_with_msg__
0000:0a7a      __GETDS
Module: C:\WATCOM\lib286\dos\clibl.lib(cmodel)
0000:0a84      _big_code_
0000:0a84*     CodeModelMismatch
Module: C:\WATCOM\lib286\dos\clibl.lib(intr.c)
0000:0a84      intr_
Module: C:\WATCOM\lib286\dos\clibl.lib(segread.c)
0000:0a98      segread_
Module: C:\WATCOM\lib286\dos\clibl.lib(iob.c)
034f:0502      ___iob
034f:066a*     __fmode
034f:07b6      ___OpenStreams
034f:07ba      ___ClosedStreams
Module: C:\WATCOM\lib286\dos\clibl.lib(fprtf.c)
0000:0ad2      __fprtf_
Module: C:\WATCOM\lib286\dos\clibl.lib(xmsg.c)
0000:0b9d*     __exit_with_msg_
0000:0ba2      __fatal_runtime_error_
Module: C:\WATCOM\lib286\dos\clibl.lib(cmain086.c)
0000:0bc0      __CMain
Module: C:\WATCOM\lib286\dos\clibl.lib(initrtns.c)
0000:0c26      __InitRtns
0000:0c26*     __FInitRtns
0000:0c81      __FiniRtns
0000:0c81*     __FFiniRtns
Module: C:\WATCOM\lib286\dos\clibl.lib(crwdata)
034f:066c      __curbrk
034f:0674      __STACKLOW
034f:0676      __STACKTOP
034f:0678      __cbyte
034f:067a      __child
034f:067c      __no87
034f:068a      ___FPE_handler
034f:066e      __psp
034f:067e      __get_ovl_stack
034f:0682      __restore_ovl_stack
034f:0686      __close_ovl_file
034f:068e      __LpCmdLine
034f:0692      __LpPgmName
034f:0670      __osmajor
034f:0671      __osminor
034f:0672      __osmode
034f:0673      __HShift
Module: C:\WATCOM\lib286\dos\clibl.lib(uselfn.c)
034f:0696      ___uselfn
Module: C:\WATCOM\lib286\dos\clibl.lib(dosseg)
0000:0ce6      __DOSseg__
Module: C:\WATCOM\lib286\dos\clibl.lib(dointr)
0000:0ce8      _DoINTR_
Module: C:\WATCOM\lib286\dos\clibl.lib(initfile.c)
0000:1061      __InitFiles_
Module: C:\WATCOM\lib286\dos\clibl.lib(ioexit.c)
0000:11af*     fcloseall_
0000:11b6      __full_io_exit_
Module: C:\WATCOM\lib286\dos\clibl.lib(fputc.c)
0000:11c0      fputc_
Module: C:\WATCOM\lib286\dos\clibl.lib(ioalloc.c)
0000:1290      __ioalloc_
Module: C:\WATCOM\lib286\dos\clibl.lib(prtf.c)
0000:132a      __prtf_
Module: C:\WATCOM\lib286\dos\clibl.lib(flush.c)
0000:20f8      __flush_
Module: C:\WATCOM\lib286\dos\clibl.lib(enterdb.c)
0000:222b      __EnterWVIDEO_
034f:0698+     ___WD_Present
Module: C:\WATCOM\lib286\dos\clibl.lib(___argc.c)
034f:07be      ____Argv
034f:07c2      ____Argc
Module: C:\WATCOM\lib286\dos\clibl.lib(amblksiz.c)
034f:069a      __amblksiz
Module: C:\WATCOM\lib286\dos\clibl.lib(exit.c)
0000:224f+     __null_int23_exit_
0000:2250      exit_
0000:2281*     _exit_
034f:069c+     ___int23_exit
034f:06a0+     ___FPE_handler_exit
Module: C:\WATCOM\lib286\dos\clibl.lib(sgdef086)
034f:06fe      __Start_XI
034f:0710      __End_XI
034f:0710      __Start_YI
034f:0716      __End_YI
Module: C:\WATCOM\lib286\dos\clibl.lib(nmalloc.c)
0000:229a      _nmalloc_
034f:06a4      ___nheapbeg
034f:06a6      ___MiniHeapRover
034f:06a8      ___LargestSizeB4MiniHeapRover
Module: C:\WATCOM\lib286\dos\clibl.lib(fmalloc.c)
0000:2374*     _fmalloc_
0000:2374      malloc_
034f:06aa+     ___fheap
034f:06ac      ___fheapRover
034f:06ae      ___LargestSizeB4Rover
Module: C:\WATCOM\lib286\dos\clibl.lib(fclose.c)
0000:2481+     __doclose_
0000:2532      __shutdown_stream_
0000:254c*     fclose_
034f:07c4+     ___RmTmpFileFn
Module: C:\WATCOM\lib286\dos\clibl.lib(freefp.c)
0000:2597      __freefp_
0000:2612      __purgefp_
Module: C:\WATCOM\lib286\dos\clibl.lib(seterrno.c)
0000:2653      __set_errno_
0000:2667*     __set_EDOM_
0000:2679*     __set_ERANGE_
0000:268b*     __set_EINVAL_
0000:26a0      __set_doserrno_
Module: C:\WATCOM\lib286\dos\clibl.lib(chktty.c)
0000:26ac      __chktty_
Module: C:\WATCOM\lib286\dos\clibl.lib(wctomb.c)
0000:26d7      wctomb_
Module: C:\WATCOM\lib286\dos\clibl.lib(itoa.c)
0000:2700+     utoa_
0000:275d      itoa_
Module: C:\WATCOM\lib286\dos\clibl.lib(i4m)
0000:2782*     __I4M
0000:2782      __U4M
Module: C:\WATCOM\lib286\dos\clibl.lib(strupr.c)
0000:279a      strupr_
Module: C:\WATCOM\lib286\dos\clibl.lib(noefgfmt.c)
034f:06b0      ___EFG_printf
034f:06b4*     ___EFG_scanf
Module: C:\WATCOM\lib286\dos\clibl.lib(mbisdbcs.c)
034f:07c8      ___IsDBCS
Module: C:\WATCOM\lib286\dos\clibl.lib(mbislead.c)
0000:27cf*     _ismbblead_
034f:07ca      ___MBCSIsTable
Module: C:\WATCOM\lib286\dos\clibl.lib(lltoa.c)
0000:27eb      ulltoa_
0000:28d0*     lltoa_
Module: C:\WATCOM\lib286\dos\clibl.lib(ltoa.c)
0000:2932      ultoa_
0000:29a1*     ltoa_
Module: C:\WATCOM\lib286\dos\clibl.lib(__lseek.c)
0000:29d0      __lseek_
Module: C:\WATCOM\lib286\dos\clibl.lib(qwrit.c)
0000:2a0a      __qwrite_
Module: C:\WATCOM\lib286\dos\clibl.lib(fsync.c)
0000:2a67      fsync_
Module: C:\WATCOM\lib286\dos\clibl.lib(nmemneed.c)
0000:2a6c      __nmemneed_
Module: C:\WATCOM\lib286\dos\clibl.lib(mem.c)
0000:2a70      __MemAllocator
0000:2b3a      __MemFree
Module: C:\WATCOM\lib286\dos\clibl.lib(grownear.c)
0000:2d1c      __LastFree_
0000:2d96      __ExpandDGROUP_
Module: C:\WATCOM\lib286\dos\clibl.lib(hpgrw086.c)
0000:2ea7      __CMain_nheapgrow_
Module: C:\WATCOM\lib286\dos\clibl.lib(growseg.c)
0000:2eac      __GrowSeg_
Module: C:\WATCOM\lib286\dos\clibl.lib(allocseg.c)
0000:2f9e      __AllocSeg_
Module: C:\WATCOM\lib286\dos\clibl.lib(fmemneed.c)
0000:3035      __fmemneed_
Module: C:\WATCOM\lib286\dos\clibl.lib(_clse.c)
0000:3038      __close_
Module: C:\WATCOM\lib286\dos\clibl.lib(ffree.c)
0000:306b*     _ffree_
0000:306b      free_
Module: C:\WATCOM\lib286\dos\clibl.lib(errno.c)
0000:30b1      __get_errno_ptr_
0000:30b8      __get_doserrno_ptr_
034f:08cc+     _errno
034f:08ce+     __doserrno
Module: C:\WATCOM\lib286\dos\clibl.lib(isatt.c)
0000:30bf      isatty_
Module: C:\WATCOM\lib286\dos\clibl.lib(alphabet.c)
034f:04cc      ___Alphabet
Module: C:\WATCOM\lib286\dos\clibl.lib(mbinit.c)
0000:3119      __mbinit_
034f:06b8+     ___MBCodePage
Module: C:\WATCOM\lib286\dos\clibl.lib(dosret.c)
0000:31f4*     _dosretax_
0000:31f9*     _dosret0_
0000:3200      __set_errno_dos_
0000:325e*     __set_errno_dos_reterr_
Module: C:\WATCOM\lib286\dos\clibl.lib(iomode.c)
0000:3269      __GetIOMode_
0000:328e      __SetIOMode_nogrow_
034f:06ce+     ___NFiles
034f:06d0+     ___init_mode
034f:06f8+     ___io_mode
Module: C:\WATCOM\lib286\dos\clibl.lib(filedos.c)
0000:32b1*     _dos_close_
0000:32bf      _dos_commit_
Module: C:\WATCOM\lib286\dos\clibl.lib(heapen.c)
0000:32cf*     _heapenable_
034f:06fc      ___heap_enabled
Module: C:\WATCOM\lib286\dos\clibl.lib(sbrk.c)
0000:32e0*     sbrk_
0000:32f0      __brk_
Module: C:\WATCOM\lib286\dos\clibl.lib(nfree.c)
0000:335a      _nfree_
034f:08d0+     ___MiniHeapFreeRover
Module: C:\WATCOM\lib286\dos\clibl.lib(heapgrow.c)
0000:3455*     _heapgrow_
0000:3455*     _fheapgrow_
0000:3456      _nheapgrow_
Module: C:\WATCOM\lib286\dos\clibl.lib(doserror)
0000:34d0      __doserror_


                        +--------------------+
                        |   Libraries Used   |
                        +--------------------+

C:\WATCOM\lib286\dos\clibl.lib


                        +-----------------------+
                        |   Linker Statistics   |
                        +-----------------------+

Stack size:  1000 (4096.)
Memory size:  4dd0 (19920.)
Entry point address: 0000:07f6
Link time: 00:00.10
