Open Watcom Linker Version 1.9
Portions Copyright (c) 1985-2002 Sybase, Inc. All Rights Reserved.
Created on:       24/08/23 15:39:29
Executable Image: test.exe
creating a DOS executable


                        +------------+
                        |   Groups   |
                        +------------+

Group                           Address              Size
=====                           =======              ====

DGROUP                          035e:0000            00001800



                        +--------------+
                        |   Segments   |
                        +--------------+

Segment                Class          Group          Address         Size
=======                =====          =====          =======         ====

test_TEXT              CODE           AUTO           0000:0000       000007e8
_TEXT                  CODE           AUTO           0000:07f0       00002dde
test13_DATA            FAR_DATA       AUTO           035d:0000       00000004
FAR_DATA               FAR_DATA       AUTO           035d:0004       00000000
_NULL                  BEGDATA        DGROUP         035e:0000       00000020
_AFTERNULL             BEGDATA        DGROUP         0360:0000       00000002
CONST                  DATA           DGROUP         0360:0002       0000045e
CONST2                 DATA           DGROUP         03a6:0000       00000000
_DATA                  DATA           DGROUP         03a6:0000       0000020e
XIB                    DATA           DGROUP         03c6:000e       00000000
XI                     DATA           DGROUP         03c6:000e       00000012
XIE                    DATA           DGROUP         03c8:0000       00000000
YIB                    DATA           DGROUP         03c8:0000       00000000
YI                     DATA           DGROUP         03c8:0000       00000006
YIE                    DATA           DGROUP         03c8:0006       00000000
STRINGS                DATA           DGROUP         03c8:0006       00000000
DATA                   DATA           DGROUP         03c8:0006       00000000
_BSS                   BSS            DGROUP         03c8:0006       0000014c
STACK                  STACK          DGROUP         03de:0000       00001000


                        +----------------+
                        |   Memory Map   |
                        +----------------+

* = unreferenced symbol
+ = symbol only referenced locally

Address        Symbol
=======        ======

Module: test.obj(C:\EMS\TEST\test.c)
035e:06a6+     _pagedata2
035e:06b6+     _sregs
035e:06be+     _regs
035e:06cc+     _pagenum9000
035e:06ce+     _numentries
0000:0000+     EMSExists_
0000:0006+     FreeEMS_
0000:0046+     mapAOld_
0000:00f4+     mapBOld_
0000:01a2+     mapA_
0000:0244+     mapB_
0000:02e6+     I_InitEMS_
0000:07a0      main_
035e:0480+     _pageframe
035e:06d2+     _emshandle
035e:06d4+     _errorreg
035d:0000+     _pointervalue2
Module: C:\WATCOM\lib286\dos\clibl.lib(intx086.c)
0000:07f0+     int86x_
0000:0889      int86_
Module: C:\WATCOM\lib286\dos\clibl.lib(printf.c)
0000:08b6      printf_
Module: C:\WATCOM\lib286\dos\clibl.lib(cstart)
035e:0000*     __nullarea
035e:048c*     __ovlflag
035e:048d*     __intno
035e:048e*     __ovlvec
0000:08e6      _cstart_
0000:09b9*     _Not_Enough_Memory_
0000:0aed      __exit_
0000:0b0c      __do_exit_with_msg__
0000:0b6a      __GETDS
Module: C:\WATCOM\lib286\dos\clibl.lib(cmodel)
0000:0b74      _big_code_
0000:0b74*     CodeModelMismatch
Module: C:\WATCOM\lib286\dos\clibl.lib(intr.c)
0000:0b74      intr_
Module: C:\WATCOM\lib286\dos\clibl.lib(segread.c)
0000:0b88      segread_
Module: C:\WATCOM\lib286\dos\clibl.lib(iob.c)
035e:0492      ___iob
035e:05fa*     __fmode
035e:06d6      ___OpenStreams
035e:06da      ___ClosedStreams
Module: C:\WATCOM\lib286\dos\clibl.lib(fprtf.c)
0000:0bc2      __fprtf_
Module: C:\WATCOM\lib286\dos\clibl.lib(xmsg.c)
0000:0c8d*     __exit_with_msg_
0000:0c92      __fatal_runtime_error_
Module: C:\WATCOM\lib286\dos\clibl.lib(cmain086.c)
0000:0cb0      __CMain
Module: C:\WATCOM\lib286\dos\clibl.lib(initrtns.c)
0000:0d16      __InitRtns
0000:0d16*     __FInitRtns
0000:0d71      __FiniRtns
0000:0d71*     __FFiniRtns
Module: C:\WATCOM\lib286\dos\clibl.lib(crwdata)
035e:05fc      __curbrk
035e:0604      __STACKLOW
035e:0606      __STACKTOP
035e:0608      __cbyte
035e:060a      __child
035e:060c      __no87
035e:061a      ___FPE_handler
035e:05fe      __psp
035e:060e      __get_ovl_stack
035e:0612      __restore_ovl_stack
035e:0616      __close_ovl_file
035e:061e      __LpCmdLine
035e:0622      __LpPgmName
035e:0600      __osmajor
035e:0601      __osminor
035e:0602      __osmode
035e:0603      __HShift
Module: C:\WATCOM\lib286\dos\clibl.lib(uselfn.c)
035e:0626      ___uselfn
Module: C:\WATCOM\lib286\dos\clibl.lib(dosseg)
0000:0dd6      __DOSseg__
Module: C:\WATCOM\lib286\dos\clibl.lib(dointr)
0000:0dd8      _DoINTR_
Module: C:\WATCOM\lib286\dos\clibl.lib(initfile.c)
0000:1151      __InitFiles_
Module: C:\WATCOM\lib286\dos\clibl.lib(ioexit.c)
0000:129f*     fcloseall_
0000:12a6      __full_io_exit_
Module: C:\WATCOM\lib286\dos\clibl.lib(fputc.c)
0000:12b0      fputc_
Module: C:\WATCOM\lib286\dos\clibl.lib(ioalloc.c)
0000:1380      __ioalloc_
Module: C:\WATCOM\lib286\dos\clibl.lib(prtf.c)
0000:141a      __prtf_
Module: C:\WATCOM\lib286\dos\clibl.lib(flush.c)
0000:21e8      __flush_
Module: C:\WATCOM\lib286\dos\clibl.lib(enterdb.c)
0000:231b      __EnterWVIDEO_
035e:0628+     ___WD_Present
Module: C:\WATCOM\lib286\dos\clibl.lib(___argc.c)
035e:06de      ____Argv
035e:06e2      ____Argc
Module: C:\WATCOM\lib286\dos\clibl.lib(amblksiz.c)
035e:062a      __amblksiz
Module: C:\WATCOM\lib286\dos\clibl.lib(exit.c)
0000:233f+     __null_int23_exit_
0000:2340      exit_
0000:2371*     _exit_
035e:062c+     ___int23_exit
035e:0630+     ___FPE_handler_exit
Module: C:\WATCOM\lib286\dos\clibl.lib(sgdef086)
035e:068e      __Start_XI
035e:06a0      __End_XI
035e:06a0      __Start_YI
035e:06a6      __End_YI
Module: C:\WATCOM\lib286\dos\clibl.lib(nmalloc.c)
0000:238a      _nmalloc_
035e:0634      ___nheapbeg
035e:0636      ___MiniHeapRover
035e:0638      ___LargestSizeB4MiniHeapRover
Module: C:\WATCOM\lib286\dos\clibl.lib(fmalloc.c)
0000:2464*     _fmalloc_
0000:2464      malloc_
035e:063a+     ___fheap
035e:063c      ___fheapRover
035e:063e      ___LargestSizeB4Rover
Module: C:\WATCOM\lib286\dos\clibl.lib(fclose.c)
0000:2571+     __doclose_
0000:2622      __shutdown_stream_
0000:263c*     fclose_
035e:06e4+     ___RmTmpFileFn
Module: C:\WATCOM\lib286\dos\clibl.lib(freefp.c)
0000:2687      __freefp_
0000:2702      __purgefp_
Module: C:\WATCOM\lib286\dos\clibl.lib(seterrno.c)
0000:2743      __set_errno_
0000:2757*     __set_EDOM_
0000:2769*     __set_ERANGE_
0000:277b*     __set_EINVAL_
0000:2790      __set_doserrno_
Module: C:\WATCOM\lib286\dos\clibl.lib(chktty.c)
0000:279c      __chktty_
Module: C:\WATCOM\lib286\dos\clibl.lib(wctomb.c)
0000:27c7      wctomb_
Module: C:\WATCOM\lib286\dos\clibl.lib(itoa.c)
0000:27f0+     utoa_
0000:284d      itoa_
Module: C:\WATCOM\lib286\dos\clibl.lib(i4m)
0000:2872*     __I4M
0000:2872      __U4M
Module: C:\WATCOM\lib286\dos\clibl.lib(strupr.c)
0000:288a      strupr_
Module: C:\WATCOM\lib286\dos\clibl.lib(noefgfmt.c)
035e:0640      ___EFG_printf
035e:0644*     ___EFG_scanf
Module: C:\WATCOM\lib286\dos\clibl.lib(mbisdbcs.c)
035e:06e8      ___IsDBCS
Module: C:\WATCOM\lib286\dos\clibl.lib(mbislead.c)
0000:28bf*     _ismbblead_
035e:06ea      ___MBCSIsTable
Module: C:\WATCOM\lib286\dos\clibl.lib(lltoa.c)
0000:28db      ulltoa_
0000:29c0*     lltoa_
Module: C:\WATCOM\lib286\dos\clibl.lib(ltoa.c)
0000:2a22      ultoa_
0000:2a91*     ltoa_
Module: C:\WATCOM\lib286\dos\clibl.lib(__lseek.c)
0000:2ac0      __lseek_
Module: C:\WATCOM\lib286\dos\clibl.lib(qwrit.c)
0000:2afa      __qwrite_
Module: C:\WATCOM\lib286\dos\clibl.lib(fsync.c)
0000:2b57      fsync_
Module: C:\WATCOM\lib286\dos\clibl.lib(nmemneed.c)
0000:2b5c      __nmemneed_
Module: C:\WATCOM\lib286\dos\clibl.lib(mem.c)
0000:2b60      __MemAllocator
0000:2c2a      __MemFree
Module: C:\WATCOM\lib286\dos\clibl.lib(grownear.c)
0000:2e0c      __LastFree_
0000:2e86      __ExpandDGROUP_
Module: C:\WATCOM\lib286\dos\clibl.lib(hpgrw086.c)
0000:2f97      __CMain_nheapgrow_
Module: C:\WATCOM\lib286\dos\clibl.lib(growseg.c)
0000:2f9c      __GrowSeg_
Module: C:\WATCOM\lib286\dos\clibl.lib(allocseg.c)
0000:308e      __AllocSeg_
Module: C:\WATCOM\lib286\dos\clibl.lib(fmemneed.c)
0000:3125      __fmemneed_
Module: C:\WATCOM\lib286\dos\clibl.lib(_clse.c)
0000:3128      __close_
Module: C:\WATCOM\lib286\dos\clibl.lib(ffree.c)
0000:315b*     _ffree_
0000:315b      free_
Module: C:\WATCOM\lib286\dos\clibl.lib(errno.c)
0000:31a1      __get_errno_ptr_
0000:31a8      __get_doserrno_ptr_
035e:07ec+     _errno
035e:07ee+     __doserrno
Module: C:\WATCOM\lib286\dos\clibl.lib(isatt.c)
0000:31af      isatty_
Module: C:\WATCOM\lib286\dos\clibl.lib(alphabet.c)
035e:045a      ___Alphabet
Module: C:\WATCOM\lib286\dos\clibl.lib(mbinit.c)
0000:3209      __mbinit_
035e:0648+     ___MBCodePage
Module: C:\WATCOM\lib286\dos\clibl.lib(dosret.c)
0000:32e4*     _dosretax_
0000:32e9*     _dosret0_
0000:32f0      __set_errno_dos_
0000:334e*     __set_errno_dos_reterr_
Module: C:\WATCOM\lib286\dos\clibl.lib(iomode.c)
0000:3359      __GetIOMode_
0000:337e      __SetIOMode_nogrow_
035e:065e+     ___NFiles
035e:0660+     ___init_mode
035e:0688+     ___io_mode
Module: C:\WATCOM\lib286\dos\clibl.lib(filedos.c)
0000:33a1*     _dos_close_
0000:33af      _dos_commit_
Module: C:\WATCOM\lib286\dos\clibl.lib(heapen.c)
0000:33bf*     _heapenable_
035e:068c      ___heap_enabled
Module: C:\WATCOM\lib286\dos\clibl.lib(sbrk.c)
0000:33d0*     sbrk_
0000:33e0      __brk_
Module: C:\WATCOM\lib286\dos\clibl.lib(nfree.c)
0000:344a      _nfree_
035e:07f0+     ___MiniHeapFreeRover
Module: C:\WATCOM\lib286\dos\clibl.lib(heapgrow.c)
0000:3545*     _heapgrow_
0000:3545*     _fheapgrow_
0000:3546      _nheapgrow_
Module: C:\WATCOM\lib286\dos\clibl.lib(doserror)
0000:35c0      __doserror_


                        +--------------------+
                        |   Libraries Used   |
                        +--------------------+

C:\WATCOM\lib286\dos\clibl.lib


                        +-----------------------+
                        |   Linker Statistics   |
                        +-----------------------+

Stack size:  1000 (4096.)
Memory size:  4de0 (19936.)
Entry point address: 0000:08e6
Link time: 00:00.10
