Open Watcom Linker Version 2.0 beta Sep  3 2024 02:05:05 (32-bit)
Copyright (c) 2002-2024 The Open Watcom Contributors. All Rights Reserved.
Portions Copyright (c) 1985-2002 Sybase, Inc. All Rights Reserved.
Created on:       26/07/30 18:53:02
Executable Image: sqemm.exe
creating a DOS executable


                        +------------+
                        |   Groups   |
                        +------------+

Group                           Address              Size
=====                           =======              ====

DGROUP                          0000:0000            0000348e



                        +--------------+
                        |   Segments   |
                        +--------------+

Segment                Class          Group          Address         Size
=======                =====          =====          =======         ====

_TEXT                  CODE           DGROUP         0000:0000       0000348d
_DATA                  DATA           DGROUP         0348:000e       00000000


                        +----------------+
                        |   Memory Map   |
                        +----------------+

* = unreferenced symbol
+ = symbol only referenced locally

Address        Symbol
=======        ======

Module: sqemm.obj(sqemm.ASM)
0000:0400*     _RESIDENT_VARIABLE_HANDLE_COUNT
0000:2b8a*     END_OF_DRIVER_LABEL
0000:0118*     _RESIDENT_VARIABLE_REQUEST_HEADER_POINTER
0000:101e*     _RESIDENT_VARIABLE_HANDLE_LIST
0000:03a9*     EMS_FUNCTION_045H
0000:240a*     _RESIDENT_VARIABLE_PAGE_LIST
0000:0014*     EMS_DRIVER_INIT
0000:3018*     DRIVER_INIT
0000:32c2*     HERE
Warning! W1014: stack segment not found
Warning! W1023: no starting address found, using 0000:0000


                        +-----------------------+
                        |   Linker Statistics   |
                        +-----------------------+

Stack size:  09e8 (2536.)
Memory size:  348e (13454.)
Entry point address: 0000:0000
Link time: 00:00.55
