Open Watcom Linker Version 2.0 beta Sep  3 2024 02:05:05 (32-bit)
Copyright (c) 2002-2024 The Open Watcom Contributors. All Rights Reserved.
Portions Copyright (c) 1985-2002 Sybase, Inc. All Rights Reserved.
Created on:       26/07/17 12:07:33
Executable Image: sqtest.exe
creating a DOS executable


                        +------------+
                        |   Groups   |
                        +------------+

Group                           Address              Size
=====                           =======              ====

DGROUP                          0000:0000            000019ba



                        +--------------+
                        |   Segments   |
                        +--------------+

Segment                Class          Group          Address         Size
=======                =====          =====          =======         ====

_TEXT                  CODE           DGROUP         0000:0000       000019ba
_DATA                  DATA           DGROUP         019b:000a       00000000


                        +----------------+
                        |   Memory Map   |
                        +----------------+

* = unreferenced symbol
+ = symbol only referenced locally

Address        Symbol
=======        ======

Module: sqtest.obj(sqtest.ASM)
0000:117e*     PAGE_RANDOM_MAP_1700
0000:11d6*     TEST_MAP_1700
0000:0fd3*     TEST_PAGE_WITH_AX
0000:0623*     LOOP_TEST_RANDOM_FOUR
0000:10f5*     PAGE_RANDOM_MAP_4400
0000:115e*     TEST_PARTIAL_PAGEMAP
0000:1623*     MAP_1700_PAGE_LIST_FOUR
0000:1026*     TEST_64_PAGES_IN_REVERSE
0000:128f*     CONTINUE_AFTER_AX
0000:109b*     TEST_RANDOM_FOUR_5700
0000:103c*     TEST_RANDOM_FOUR_5701
Warning! W1014: stack segment not found
Warning! W1023: no starting address found, using 0000:0000


                        +-----------------------+
                        |   Linker Statistics   |
                        +-----------------------+

Stack size:  09e8 (2536.)
Memory size:  19ba (6586.)
Entry point address: 0000:0000
Link time: 00:00.55
