Open Watcom Linker Version 1.9
Portions Copyright (c) 1985-2002 Sybase, Inc. All Rights Reserved.
Created on:       24/08/30 12:12:52
Executable Image: scatcfg.exe
creating a DOS executable


                        +------------+
                        |   Groups   |
                        +------------+

Group                           Address              Size
=====                           =======              ====

DGROUP                          06b4:0000            00001bb0



                        +--------------+
                        |   Segments   |
                        +--------------+

Segment                Class          Group          Address         Size
=======                =====          =====          =======         ====

scatcfg_TEXT           CODE           AUTO           0000:0000       00000711
GRAPH_TEXT             CODE           AUTO           0000:0712       00001bac
_TEXT                  CODE           AUTO           0000:22c0       000023b0
FAR_DATA               FAR_DATA       AUTO           0467:0000       00000000
StdFont_DATA           FONT_DATA      AUTO           0467:0000       00000a26
Font8x8_DATA           FONT_DATA      AUTO           0467:0a30       00000c98
HercFont_DATA          FONT_DATA      AUTO           0467:16d0       00000e00
_NULL                  BEGDATA        DGROUP         06b4:0000       00000020
_AFTERNULL             BEGDATA        DGROUP         06b6:0000       00000002
CONST                  DATA           DGROUP         06b6:0002       000005c8
CONST2                 DATA           DGROUP         0712:000a       00000000
_DATA                  DATA           DGROUP         0713:0000       000003f2
XIB                    DATA           DGROUP         0752:0002       00000000
XI                     DATA           DGROUP         0752:0002       00000012
XIE                    DATA           DGROUP         0753:0004       00000000
YIB                    DATA           DGROUP         0753:0004       00000000
YI                     DATA           DGROUP         0753:0004       00000006
YIE                    DATA           DGROUP         0753:000a       00000000
STRINGS                DATA           DGROUP         0753:000a       00000000
DATA                   DATA           DGROUP         0753:000a       00000000
_BSS                   BSS            DGROUP         0754:0000       000001ac
STACK                  STACK          DGROUP         076f:0000       00001000


                        +----------------+
                        |   Memory Map   |
                        +----------------+

* = unreferenced symbol
+ = symbol only referenced locally

Address        Symbol
=======        ======

Module: scatcfg.obj(C:\EMS\SCATCFG\scatcfg.c)
06b4:0a00+     _sregs
06b4:0a08+     _myargv
06b4:0a0c+     _regs
06b4:0a1a+     _myargc
0000:0000+     printchar_
0000:002e+     printstatus_
0000:019c+     addkeystroke_
0000:01d4+     checkparm_
0000:021e+     printemsregisterdata_
0000:0524      main_
06b4:05f0+     _config_regs
06b4:0604+     _config_names
06b4:064c+     _setting_names_detailed
06b4:0a1e+     _emshandle
Module: C:\WATCOM\lib286\dos\graph.lib(textcol)
0000:0712+     _gettextcolor_
0000:0740      _settextcolor_
Module: C:\WATCOM\lib286\dos\graph.lib(outtext)
0000:078e+     _CharLen_
0000:0901      _outtext_
0000:0936*     _outmem_
0000:0956*     _scrolltextwindow_
0000:099b*     _gettextcursor_
0000:09a9*     _settextcursor_
Module: C:\WATCOM\lib286\dos\clibl.lib(sprintf.c)
0000:22c0      sprintf_
Module: C:\WATCOM\lib286\dos\clibl.lib(_istrcc_.asm)
0000:22f0      strcasecmp_
Module: C:\WATCOM\lib286\dos\clibl.lib(bioskeyb.c)
0000:22f5      _bios_keybrd_
Module: C:\WATCOM\lib286\dos\clibl.lib(cstart)
06b4:0000*     __nullarea
06b4:088c*     __ovlflag
06b4:088d*     __intno
06b4:088e*     __ovlvec
0000:22fa      _cstart_
0000:23cd*     _Not_Enough_Memory_
0000:2501      __exit_
0000:2520      __do_exit_with_msg__
0000:257e      __GETDS
Module: C:\WATCOM\lib286\dos\clibl.lib(cmodel)
0000:2588      _big_code_
0000:2588*     CodeModelMismatch
Module: C:\WATCOM\lib286\dos\clibl.lib(argcv.c)
06b4:0a20      __argv
06b4:0a24      ___argv
06b4:0a28      __argc
06b4:0a2a      ___argc
Module: C:\WATCOM\lib286\dos\graph.lib(global)
06b4:0a2c*     __SetVGAPage
06b4:0a30      __TextPos
06b4:0a34      __ConfigBuffer
06b4:0a6a      __Screen
06b4:0a74      __DBCSPairs
06b4:0a7e      __StackSeg
06b4:0a80*     __VGAStride
06b4:0a82      __SVGAType
06b4:0a84      __DefMode
06b4:0a86      __CursorShape
06b4:0a88      __DefTextRows
06b4:0a8a      __Tx_Col_Min
06b4:0a8c      __Tx_Row_Max
06b4:0892      __StartUp
06b4:0893      __GrMode
06b4:0894      __ErrorStatus
06b4:0896*     __CurrPos
06b4:089a      __LogOrg
06b4:089e*     __Clipping
06b4:089f      __CharAttr
06b4:08a0      __Wrap
06b4:08a2      __CursState
06b4:08a4      __GrCursor
06b4:08a6      __CurrActivePage
06b4:08a8*     __CurrVisualPage
06b4:08aa*     __CurrBkColor
06b4:08ae      __CurrColor
06b4:08b0*     __Palette
06b4:08b2      __FillMask
06b4:08ba      __DefMask
06b4:08c2      __HaveMask
06b4:08c3*     __Transparent
06b4:08c5      __PaRf_x
06b4:08c7      __PaRf_y
06b4:08c9      __LineStyle
06b4:08cb*     __StyleWrap
06b4:08cd      __PlotAct
06b4:08cf*     __TextSettings
06b4:08df*     __CurrFont
06b4:08e3*     __ArcInfo
06b4:0901*     __CurrPos_w
06b4:0911*     __Window
06b4:0923      __BiosSeg
06b4:0925      __MonoSeg
06b4:0927      __CgaSeg
06b4:0929*     __EgaSeg
06b4:092b      __RomSeg
06b4:092d      __BiosOff
06b4:092f      __MonoOff
06b4:0931      __CgaOff
06b4:0933*     __EgaOff
06b4:0935      __RomOff
06b4:0937*     __CurrState
06b4:0a8e      __Tx_Col_Max
06b4:0a90      __Tx_Row_Min
06b4:0a92      __IsDBCS
06b4:0a93*     __VGAPage
06b4:0a94*     __VGAGran
Module: C:\WATCOM\lib286\dos\graph.lib(cursor)
0000:09e2      _CursorOn_
0000:0a02      _CursorOff_
Module: C:\WATCOM\lib286\dos\graph.lib(devutils)
0000:0acd      _GraphMode_
0000:0ae5*     _GrProlog_
0000:0afe      _GrEpilog_
0000:0b08*     _InitDevice_
0000:0b11*     _FiniDevice_
0000:0b1b      _StartDevice_
0000:0b25      _ResetDevice_
Module: C:\WATCOM\lib286\dos\graph.lib(scrollw)
0000:0cd1      _ScrollWindow_
Module: C:\WATCOM\lib286\dos\graph.lib(putchar)
0000:0e08      _PutChar_
Module: C:\WATCOM\lib286\dos\graph.lib(getconf)
0000:1025*     _getvideoconfig_
0000:104a+     _CalcNumPages_
0000:109b+     _GetState_
0000:1166      _InitState_
0000:11ba*     _GrInit_
Module: C:\WATCOM\lib286\dos\clibl.lib(vsprintf.c)
0000:25a1      vsprintf_
Module: C:\WATCOM\lib286\dos\clibl.lib(stricmp.c)
0000:25cc      stricmp_
Module: C:\WATCOM\lib286\dos\clibl.lib(biosfunc)
0000:260a*     __ibm_bios_equiplist_
0000:260d      __ibm_bios_keybrd_
0000:2622*     __ibm_bios_memsize_
0000:2625*     __ibm_bios_printer_
0000:2630*     __ibm_bios_serialcom_
Module: C:\WATCOM\lib286\dos\clibl.lib(xmsg.c)
0000:2637*     __exit_with_msg_
0000:263c      __fatal_runtime_error_
Module: C:\WATCOM\lib286\dos\clibl.lib(cmain086.c)
0000:265a      __CMain
Module: C:\WATCOM\lib286\dos\clibl.lib(initrtns.c)
0000:26c0      __InitRtns
0000:26c0*     __FInitRtns
0000:271b      __FiniRtns
0000:271b*     __FFiniRtns
Module: C:\WATCOM\lib286\dos\clibl.lib(crwdata)
06b4:0992      __curbrk
06b4:099a      __STACKLOW
06b4:099c      __STACKTOP
06b4:099e      __cbyte
06b4:09a0      __child
06b4:09a2      __no87
06b4:09b0      ___FPE_handler
06b4:0994      __psp
06b4:09a4      __get_ovl_stack
06b4:09a8      __restore_ovl_stack
06b4:09ac      __close_ovl_file
06b4:09b4      __LpCmdLine
06b4:09b8      __LpPgmName
06b4:0996      __osmajor
06b4:0997      __osminor
06b4:0998      __osmode
06b4:0999      __HShift
Module: C:\WATCOM\lib286\dos\clibl.lib(uselfn.c)
06b4:09bc      ___uselfn
Module: C:\WATCOM\lib286\dos\clibl.lib(dosseg)
0000:2780      __DOSseg__
Module: C:\WATCOM\lib286\dos\clibl.lib(initargv.c)
0000:2781      __Init_Argv_
0000:27e4+     _getargv_
0000:29e3      __Fini_Argv_
Module: C:\WATCOM\lib286\dos\graph.lib(std)
0467:0000      __StdFont
Module: C:\WATCOM\lib286\dos\graph.lib(plotactn)
0000:1216+     _getplotaction_
0000:1243      _setplotaction_
Module: C:\WATCOM\lib286\dos\graph.lib(l1line)
0000:128a      _L1SLine_
0000:12bf*     _L1Line_
Module: C:\WATCOM\lib286\dos\graph.lib(color)
0000:13e7      _getcolor_
0000:13f2      _setcolor_
0000:1413+     _L2setcolor_
Module: C:\WATCOM\lib286\dos\graph.lib(imagesiz)
0000:1428*     _imagesize_
0000:1457+     _L2imagesize_
0000:148a      _RowLen_
Module: C:\WATCOM\lib286\dos\graph.lib(gstklow)
0000:14b9      _GetStackLow_
Module: C:\WATCOM\lib286\dos\graph.lib(clearscr)
0000:14bd+     _L2clearscreen_
0000:1537*     _clearscreen_
0000:159f      _GrClear_
0000:15fb      _TxtClear_
Module: C:\WATCOM\lib286\dos\graph.lib(font8x8)
0467:1630*     __8x8Font
0467:0a30      __8x8BitMap
Module: C:\WATCOM\lib286\dos\graph.lib(hercfont)
0467:16d0      __HercFont
Module: C:\WATCOM\lib286\dos\graph.lib(sysmtype)
0000:1684      _SysMonType_
Module: C:\WATCOM\lib286\dos\graph.lib(seginit)
0000:1878      _InitSegments_
Module: C:\WATCOM\lib286\dos\clibl.lib(prtf.c)
0000:2a0d      __prtf_
Module: C:\WATCOM\lib286\dos\clibl.lib(enterdb.c)
0000:37db      __EnterWVIDEO_
06b4:09be+     ___WD_Present
Module: C:\WATCOM\lib286\dos\clibl.lib(___argc.c)
06b4:0a9a      ____Argv
06b4:0a9e      ____Argc
Module: C:\WATCOM\lib286\dos\clibl.lib(amblksiz.c)
06b4:09c0      __amblksiz
Module: C:\WATCOM\lib286\dos\clibl.lib(exit.c)
0000:37ff+     __null_int23_exit_
0000:3800      exit_
0000:3831*     _exit_
06b4:09c2+     ___int23_exit
06b4:09c6+     ___FPE_handler_exit
Module: C:\WATCOM\lib286\dos\clibl.lib(sgdef086)
06b4:09e2      __Start_XI
06b4:09f4      __End_XI
06b4:09f4      __Start_YI
06b4:09fa      __End_YI
Module: C:\WATCOM\lib286\dos\clibl.lib(histsplt.c)
06b4:0aa0      ___historical_splitparms
Module: C:\WATCOM\lib286\dos\clibl.lib(nmalloc.c)
0000:384a      _nmalloc_
06b4:09ca      ___nheapbeg
06b4:09cc      ___MiniHeapRover
06b4:09ce      ___LargestSizeB4MiniHeapRover
Module: C:\WATCOM\lib286\dos\clibl.lib(fmalloc.c)
0000:3924*     _fmalloc_
0000:3924      malloc_
06b4:09d0+     ___fheap
06b4:09d2      ___fheapRover
06b4:09d4      ___LargestSizeB4Rover
Module: C:\WATCOM\lib286\dos\clibl.lib(ffree.c)
0000:3a31*     _ffree_
0000:3a31      free_
Module: C:\WATCOM\lib286\dos\graph.lib(l1clip)
0000:18d8+     _L1OutCode_
0000:1993      _L0LineClip_
0000:1ae1*     _L0BlockClip_
Module: C:\WATCOM\lib286\dos\graph.lib(l0drwlin)
0000:1b4f      _L0DrawLine_
Module: C:\WATCOM\lib286\dos\graph.lib(i4m)
0000:1c9c      _GR__I4M
0000:1c9c*     _GR__U4M
Module: C:\WATCOM\lib286\dos\graph.lib(textpos)
0000:1cb4+     _gettextposition_
0000:1cd0      _settextposition_
Module: C:\WATCOM\lib286\dos\graph.lib(fillmask)
0000:1d45      _getfillmask_
0000:1d89      _setfillmask_
Module: C:\WATCOM\lib286\dos\graph.lib(l1block)
0000:1dfa      _L1Block_
Module: C:\WATCOM\lib286\dos\graph.lib(svgainfo)
0000:1e7f      _SuperVGAType_
0000:2136*     _SetSVGAType_
Module: C:\WATCOM\lib286\dos\clibl.lib(wctomb.c)
0000:3a77      wctomb_
Module: C:\WATCOM\lib286\dos\clibl.lib(itoa.c)
0000:3aa0+     utoa_
0000:3afd      itoa_
Module: C:\WATCOM\lib286\dos\clibl.lib(i4m)
0000:3b22*     __I4M
0000:3b22      __U4M
Module: C:\WATCOM\lib286\dos\clibl.lib(strupr.c)
0000:3b3a      strupr_
Module: C:\WATCOM\lib286\dos\clibl.lib(noefgfmt.c)
06b4:09d6      ___EFG_printf
06b4:09da*     ___EFG_scanf
Module: C:\WATCOM\lib286\dos\clibl.lib(mbisdbcs.c)
06b4:0aa2      ___IsDBCS
Module: C:\WATCOM\lib286\dos\clibl.lib(mbislead.c)
0000:3b6f*     _ismbblead_
06b4:0aa4      ___MBCSIsTable
Module: C:\WATCOM\lib286\dos\clibl.lib(lltoa.c)
0000:3b8b      ulltoa_
0000:3c70*     lltoa_
Module: C:\WATCOM\lib286\dos\clibl.lib(ltoa.c)
0000:3cd2      ultoa_
0000:3d41*     ltoa_
Module: C:\WATCOM\lib286\dos\clibl.lib(nmemneed.c)
0000:3d70      __nmemneed_
Module: C:\WATCOM\lib286\dos\clibl.lib(mem.c)
0000:3d80      __MemAllocator
0000:3e4a      __MemFree
Module: C:\WATCOM\lib286\dos\clibl.lib(grownear.c)
0000:402c      __LastFree_
0000:40a6      __ExpandDGROUP_
Module: C:\WATCOM\lib286\dos\clibl.lib(hpgrw086.c)
0000:41b7      __CMain_nheapgrow_
Module: C:\WATCOM\lib286\dos\clibl.lib(growseg.c)
0000:41bc      __GrowSeg_
Module: C:\WATCOM\lib286\dos\clibl.lib(allocseg.c)
0000:42ae      __AllocSeg_
Module: C:\WATCOM\lib286\dos\clibl.lib(fmemneed.c)
0000:4345      __fmemneed_
Module: C:\WATCOM\lib286\dos\clibl.lib(nfree.c)
0000:4348      _nfree_
06b4:0ba6+     ___MiniHeapFreeRover
Module: C:\WATCOM\lib286\dos\graph.lib(i4d)
0000:213a      _GR__I4D
0000:2183*     _GR__U4D
Module: C:\WATCOM\lib286\dos\graph.lib(l1fill)
0000:2207      _L1Fill_
0000:2290*     _L1ClipFill_
Module: C:\WATCOM\lib286\dos\clibl.lib(alphabet.c)
06b4:05c4      ___Alphabet
Module: C:\WATCOM\lib286\dos\clibl.lib(mbinit.c)
0000:4481      __mbinit_
06b4:09de+     ___MBCodePage
Module: C:\WATCOM\lib286\dos\clibl.lib(heapen.c)
0000:455c*     _heapenable_
06b4:09e0      ___heap_enabled
Module: C:\WATCOM\lib286\dos\clibl.lib(sbrk.c)
0000:456d*     sbrk_
0000:457d      __brk_
Module: C:\WATCOM\lib286\dos\clibl.lib(heapgrow.c)
0000:45e7*     _heapgrow_
0000:45e7*     _fheapgrow_
0000:45e8      _nheapgrow_
Module: C:\WATCOM\lib286\dos\clibl.lib(errno.c)
0000:4662      __get_errno_ptr_
0000:4669*     __get_doserrno_ptr_
06b4:0ba8+     _errno
06b4:0baa+     __doserrno


                        +--------------------+
                        |   Libraries Used   |
                        +--------------------+

C:\WATCOM\lib286\dos\graph.lib
C:\WATCOM\lib286\dos\clibl.lib


                        +-----------------------+
                        |   Linker Statistics   |
                        +-----------------------+

Stack size:  1000 (4096.)
Memory size:  86f0 (34544.)
Entry point address: 0000:22fa
Link time: 00:00.10
