Open Watcom Linker Version 1.9
Portions Copyright (c) 1985-2002 Sybase, Inc. All Rights Reserved.
Created on:       24/08/28 14:42:27
Executable Image: scampcfg.exe
creating a DOS executable


                        +------------+
                        |   Groups   |
                        +------------+

Group                           Address              Size
=====                           =======              ====

DGROUP                          06b3:0000            00001e80



                        +--------------+
                        |   Segments   |
                        +--------------+

Segment                Class          Group          Address         Size
=======                =====          =====          =======         ====

scampcfg_TEXT          CODE           AUTO           0000:0000       00000700
GRAPH_TEXT             CODE           AUTO           0000:0700       00001bac
_TEXT                  CODE           AUTO           0000:22b0       000023b0
FAR_DATA               FAR_DATA       AUTO           0466:0000       00000000
StdFont_DATA           FONT_DATA      AUTO           0466:0000       00000a26
Font8x8_DATA           FONT_DATA      AUTO           0466:0a30       00000c98
HercFont_DATA          FONT_DATA      AUTO           0466:16d0       00000e00
_NULL                  BEGDATA        DGROUP         06b3:0000       00000020
_AFTERNULL             BEGDATA        DGROUP         06b5:0000       00000002
CONST                  DATA           DGROUP         06b5:0002       00000878
CONST2                 DATA           DGROUP         073c:000a       00000000
_DATA                  DATA           DGROUP         073d:0000       00000412
XIB                    DATA           DGROUP         077e:0002       00000000
XI                     DATA           DGROUP         077e:0002       00000012
XIE                    DATA           DGROUP         077f:0004       00000000
YIB                    DATA           DGROUP         077f:0004       00000000
YI                     DATA           DGROUP         077f:0004       00000006
YIE                    DATA           DGROUP         077f:000a       00000000
STRINGS                DATA           DGROUP         077f:000a       00000000
DATA                   DATA           DGROUP         077f:000a       00000000
_BSS                   BSS            DGROUP         0780:0000       000001ac
STACK                  STACK          DGROUP         079b:0000       00001000


                        +----------------+
                        |   Memory Map   |
                        +----------------+

* = unreferenced symbol
+ = symbol only referenced locally

Address        Symbol
=======        ======

Module: scampcfg.obj(C:\EMS\SCAMPCFG\scampcfg.c)
06b3:0cd0+     _sregs
06b3:0cd8+     _myargv
06b3:0cdc+     _regs
06b3:0cea+     _myargc
0000:0000+     printchar_
0000:002e+     printstatus_
0000:019a+     addkeystroke_
0000:01d2+     checkparm_
0000:021c+     printemsregisterdata_
0000:0512      main_
06b3:08a0+     _config_regs
06b3:08b4+     _config_names
06b3:08f8+     _setting_names
06b3:093c+     _setting_names_detailed
06b3:0cee+     _emshandle
Module: C:\WATCOM\lib286\dos\graph.lib(textcol)
0000:0700+     _gettextcolor_
0000:072e      _settextcolor_
Module: C:\WATCOM\lib286\dos\graph.lib(outtext)
0000:077c+     _CharLen_
0000:08ef      _outtext_
0000:0924*     _outmem_
0000:0944*     _scrolltextwindow_
0000:0989*     _gettextcursor_
0000:0997*     _settextcursor_
Module: C:\WATCOM\lib286\dos\clibl.lib(sprintf.c)
0000:22b0      sprintf_
Module: C:\WATCOM\lib286\dos\clibl.lib(_istrcc_.asm)
0000:22e0      strcasecmp_
Module: C:\WATCOM\lib286\dos\clibl.lib(bioskeyb.c)
0000:22e5      _bios_keybrd_
Module: C:\WATCOM\lib286\dos\clibl.lib(cstart)
06b3:0000*     __nullarea
06b3:0b5c*     __ovlflag
06b3:0b5d*     __intno
06b3:0b5e*     __ovlvec
0000:22ea      _cstart_
0000:23bd*     _Not_Enough_Memory_
0000:24f1      __exit_
0000:2510      __do_exit_with_msg__
0000:256e      __GETDS
Module: C:\WATCOM\lib286\dos\clibl.lib(cmodel)
0000:2578      _big_code_
0000:2578*     CodeModelMismatch
Module: C:\WATCOM\lib286\dos\clibl.lib(argcv.c)
06b3:0cf0      __argv
06b3:0cf4      ___argv
06b3:0cf8      __argc
06b3:0cfa      ___argc
Module: C:\WATCOM\lib286\dos\graph.lib(global)
06b3:0cfc*     __SetVGAPage
06b3:0d00      __TextPos
06b3:0d04      __ConfigBuffer
06b3:0d3a      __Screen
06b3:0d44      __DBCSPairs
06b3:0d4e      __StackSeg
06b3:0d50*     __VGAStride
06b3:0d52      __SVGAType
06b3:0d54      __DefMode
06b3:0d56      __CursorShape
06b3:0d58      __DefTextRows
06b3:0d5a      __Tx_Col_Min
06b3:0d5c      __Tx_Row_Max
06b3:0b62      __StartUp
06b3:0b63      __GrMode
06b3:0b64      __ErrorStatus
06b3:0b66*     __CurrPos
06b3:0b6a      __LogOrg
06b3:0b6e*     __Clipping
06b3:0b6f      __CharAttr
06b3:0b70      __Wrap
06b3:0b72      __CursState
06b3:0b74      __GrCursor
06b3:0b76      __CurrActivePage
06b3:0b78*     __CurrVisualPage
06b3:0b7a*     __CurrBkColor
06b3:0b7e      __CurrColor
06b3:0b80*     __Palette
06b3:0b82      __FillMask
06b3:0b8a      __DefMask
06b3:0b92      __HaveMask
06b3:0b93*     __Transparent
06b3:0b95      __PaRf_x
06b3:0b97      __PaRf_y
06b3:0b99      __LineStyle
06b3:0b9b*     __StyleWrap
06b3:0b9d      __PlotAct
06b3:0b9f*     __TextSettings
06b3:0baf*     __CurrFont
06b3:0bb3*     __ArcInfo
06b3:0bd1*     __CurrPos_w
06b3:0be1*     __Window
06b3:0bf3      __BiosSeg
06b3:0bf5      __MonoSeg
06b3:0bf7      __CgaSeg
06b3:0bf9*     __EgaSeg
06b3:0bfb      __RomSeg
06b3:0bfd      __BiosOff
06b3:0bff      __MonoOff
06b3:0c01      __CgaOff
06b3:0c03*     __EgaOff
06b3:0c05      __RomOff
06b3:0c07*     __CurrState
06b3:0d5e      __Tx_Col_Max
06b3:0d60      __Tx_Row_Min
06b3:0d62      __IsDBCS
06b3:0d63*     __VGAPage
06b3:0d64*     __VGAGran
Module: C:\WATCOM\lib286\dos\graph.lib(cursor)
0000:09d0      _CursorOn_
0000:09f0      _CursorOff_
Module: C:\WATCOM\lib286\dos\graph.lib(devutils)
0000:0abb      _GraphMode_
0000:0ad3*     _GrProlog_
0000:0aec      _GrEpilog_
0000:0af6*     _InitDevice_
0000:0aff*     _FiniDevice_
0000:0b09      _StartDevice_
0000:0b13      _ResetDevice_
Module: C:\WATCOM\lib286\dos\graph.lib(scrollw)
0000:0cbf      _ScrollWindow_
Module: C:\WATCOM\lib286\dos\graph.lib(putchar)
0000:0df6      _PutChar_
Module: C:\WATCOM\lib286\dos\graph.lib(getconf)
0000:1013*     _getvideoconfig_
0000:1038+     _CalcNumPages_
0000:1089+     _GetState_
0000:1154      _InitState_
0000:11a8*     _GrInit_
Module: C:\WATCOM\lib286\dos\clibl.lib(vsprintf.c)
0000:2591      vsprintf_
Module: C:\WATCOM\lib286\dos\clibl.lib(stricmp.c)
0000:25bc      stricmp_
Module: C:\WATCOM\lib286\dos\clibl.lib(biosfunc)
0000:25fa*     __ibm_bios_equiplist_
0000:25fd      __ibm_bios_keybrd_
0000:2612*     __ibm_bios_memsize_
0000:2615*     __ibm_bios_printer_
0000:2620*     __ibm_bios_serialcom_
Module: C:\WATCOM\lib286\dos\clibl.lib(xmsg.c)
0000:2627*     __exit_with_msg_
0000:262c      __fatal_runtime_error_
Module: C:\WATCOM\lib286\dos\clibl.lib(cmain086.c)
0000:264a      __CMain
Module: C:\WATCOM\lib286\dos\clibl.lib(initrtns.c)
0000:26b0      __InitRtns
0000:26b0*     __FInitRtns
0000:270b      __FiniRtns
0000:270b*     __FFiniRtns
Module: C:\WATCOM\lib286\dos\clibl.lib(crwdata)
06b3:0c62      __curbrk
06b3:0c6a      __STACKLOW
06b3:0c6c      __STACKTOP
06b3:0c6e      __cbyte
06b3:0c70      __child
06b3:0c72      __no87
06b3:0c80      ___FPE_handler
06b3:0c64      __psp
06b3:0c74      __get_ovl_stack
06b3:0c78      __restore_ovl_stack
06b3:0c7c      __close_ovl_file
06b3:0c84      __LpCmdLine
06b3:0c88      __LpPgmName
06b3:0c66      __osmajor
06b3:0c67      __osminor
06b3:0c68      __osmode
06b3:0c69      __HShift
Module: C:\WATCOM\lib286\dos\clibl.lib(uselfn.c)
06b3:0c8c      ___uselfn
Module: C:\WATCOM\lib286\dos\clibl.lib(dosseg)
0000:2770      __DOSseg__
Module: C:\WATCOM\lib286\dos\clibl.lib(initargv.c)
0000:2771      __Init_Argv_
0000:27d4+     _getargv_
0000:29d3      __Fini_Argv_
Module: C:\WATCOM\lib286\dos\graph.lib(std)
0466:0000      __StdFont
Module: C:\WATCOM\lib286\dos\graph.lib(plotactn)
0000:1204+     _getplotaction_
0000:1231      _setplotaction_
Module: C:\WATCOM\lib286\dos\graph.lib(l1line)
0000:1278      _L1SLine_
0000:12ad*     _L1Line_
Module: C:\WATCOM\lib286\dos\graph.lib(color)
0000:13d5      _getcolor_
0000:13e0      _setcolor_
0000:1401+     _L2setcolor_
Module: C:\WATCOM\lib286\dos\graph.lib(imagesiz)
0000:1416*     _imagesize_
0000:1445+     _L2imagesize_
0000:1478      _RowLen_
Module: C:\WATCOM\lib286\dos\graph.lib(gstklow)
0000:14a7      _GetStackLow_
Module: C:\WATCOM\lib286\dos\graph.lib(clearscr)
0000:14ab+     _L2clearscreen_
0000:1525*     _clearscreen_
0000:158d      _GrClear_
0000:15e9      _TxtClear_
Module: C:\WATCOM\lib286\dos\graph.lib(font8x8)
0466:1630*     __8x8Font
0466:0a30      __8x8BitMap
Module: C:\WATCOM\lib286\dos\graph.lib(hercfont)
0466:16d0      __HercFont
Module: C:\WATCOM\lib286\dos\graph.lib(sysmtype)
0000:1672      _SysMonType_
Module: C:\WATCOM\lib286\dos\graph.lib(seginit)
0000:1866      _InitSegments_
Module: C:\WATCOM\lib286\dos\clibl.lib(prtf.c)
0000:29fd      __prtf_
Module: C:\WATCOM\lib286\dos\clibl.lib(enterdb.c)
0000:37cb      __EnterWVIDEO_
06b3:0c8e+     ___WD_Present
Module: C:\WATCOM\lib286\dos\clibl.lib(___argc.c)
06b3:0d6a      ____Argv
06b3:0d6e      ____Argc
Module: C:\WATCOM\lib286\dos\clibl.lib(amblksiz.c)
06b3:0c90      __amblksiz
Module: C:\WATCOM\lib286\dos\clibl.lib(exit.c)
0000:37ef+     __null_int23_exit_
0000:37f0      exit_
0000:3821*     _exit_
06b3:0c92+     ___int23_exit
06b3:0c96+     ___FPE_handler_exit
Module: C:\WATCOM\lib286\dos\clibl.lib(sgdef086)
06b3:0cb2      __Start_XI
06b3:0cc4      __End_XI
06b3:0cc4      __Start_YI
06b3:0cca      __End_YI
Module: C:\WATCOM\lib286\dos\clibl.lib(histsplt.c)
06b3:0d70      ___historical_splitparms
Module: C:\WATCOM\lib286\dos\clibl.lib(nmalloc.c)
0000:383a      _nmalloc_
06b3:0c9a      ___nheapbeg
06b3:0c9c      ___MiniHeapRover
06b3:0c9e      ___LargestSizeB4MiniHeapRover
Module: C:\WATCOM\lib286\dos\clibl.lib(fmalloc.c)
0000:3914*     _fmalloc_
0000:3914      malloc_
06b3:0ca0+     ___fheap
06b3:0ca2      ___fheapRover
06b3:0ca4      ___LargestSizeB4Rover
Module: C:\WATCOM\lib286\dos\clibl.lib(ffree.c)
0000:3a21*     _ffree_
0000:3a21      free_
Module: C:\WATCOM\lib286\dos\graph.lib(l1clip)
0000:18c6+     _L1OutCode_
0000:1981      _L0LineClip_
0000:1acf*     _L0BlockClip_
Module: C:\WATCOM\lib286\dos\graph.lib(l0drwlin)
0000:1b3d      _L0DrawLine_
Module: C:\WATCOM\lib286\dos\graph.lib(i4m)
0000:1c8a      _GR__I4M
0000:1c8a*     _GR__U4M
Module: C:\WATCOM\lib286\dos\graph.lib(textpos)
0000:1ca2+     _gettextposition_
0000:1cbe      _settextposition_
Module: C:\WATCOM\lib286\dos\graph.lib(fillmask)
0000:1d33      _getfillmask_
0000:1d77      _setfillmask_
Module: C:\WATCOM\lib286\dos\graph.lib(l1block)
0000:1de8      _L1Block_
Module: C:\WATCOM\lib286\dos\graph.lib(svgainfo)
0000:1e6d      _SuperVGAType_
0000:2124*     _SetSVGAType_
Module: C:\WATCOM\lib286\dos\clibl.lib(wctomb.c)
0000:3a67      wctomb_
Module: C:\WATCOM\lib286\dos\clibl.lib(itoa.c)
0000:3a90+     utoa_
0000:3aed      itoa_
Module: C:\WATCOM\lib286\dos\clibl.lib(i4m)
0000:3b12*     __I4M
0000:3b12      __U4M
Module: C:\WATCOM\lib286\dos\clibl.lib(strupr.c)
0000:3b2a      strupr_
Module: C:\WATCOM\lib286\dos\clibl.lib(noefgfmt.c)
06b3:0ca6      ___EFG_printf
06b3:0caa*     ___EFG_scanf
Module: C:\WATCOM\lib286\dos\clibl.lib(mbisdbcs.c)
06b3:0d72      ___IsDBCS
Module: C:\WATCOM\lib286\dos\clibl.lib(mbislead.c)
0000:3b5f*     _ismbblead_
06b3:0d74      ___MBCSIsTable
Module: C:\WATCOM\lib286\dos\clibl.lib(lltoa.c)
0000:3b7b      ulltoa_
0000:3c60*     lltoa_
Module: C:\WATCOM\lib286\dos\clibl.lib(ltoa.c)
0000:3cc2      ultoa_
0000:3d31*     ltoa_
Module: C:\WATCOM\lib286\dos\clibl.lib(nmemneed.c)
0000:3d60      __nmemneed_
Module: C:\WATCOM\lib286\dos\clibl.lib(mem.c)
0000:3d70      __MemAllocator
0000:3e3a      __MemFree
Module: C:\WATCOM\lib286\dos\clibl.lib(grownear.c)
0000:401c      __LastFree_
0000:4096      __ExpandDGROUP_
Module: C:\WATCOM\lib286\dos\clibl.lib(hpgrw086.c)
0000:41a7      __CMain_nheapgrow_
Module: C:\WATCOM\lib286\dos\clibl.lib(growseg.c)
0000:41ac      __GrowSeg_
Module: C:\WATCOM\lib286\dos\clibl.lib(allocseg.c)
0000:429e      __AllocSeg_
Module: C:\WATCOM\lib286\dos\clibl.lib(fmemneed.c)
0000:4335      __fmemneed_
Module: C:\WATCOM\lib286\dos\clibl.lib(nfree.c)
0000:4338      _nfree_
06b3:0e76+     ___MiniHeapFreeRover
Module: C:\WATCOM\lib286\dos\graph.lib(i4d)
0000:2128      _GR__I4D
0000:2171*     _GR__U4D
Module: C:\WATCOM\lib286\dos\graph.lib(l1fill)
0000:21f5      _L1Fill_
0000:227e*     _L1ClipFill_
Module: C:\WATCOM\lib286\dos\clibl.lib(alphabet.c)
06b3:0874      ___Alphabet
Module: C:\WATCOM\lib286\dos\clibl.lib(mbinit.c)
0000:4471      __mbinit_
06b3:0cae+     ___MBCodePage
Module: C:\WATCOM\lib286\dos\clibl.lib(heapen.c)
0000:454c*     _heapenable_
06b3:0cb0      ___heap_enabled
Module: C:\WATCOM\lib286\dos\clibl.lib(sbrk.c)
0000:455d*     sbrk_
0000:456d      __brk_
Module: C:\WATCOM\lib286\dos\clibl.lib(heapgrow.c)
0000:45d7*     _heapgrow_
0000:45d7*     _fheapgrow_
0000:45d8      _nheapgrow_
Module: C:\WATCOM\lib286\dos\clibl.lib(errno.c)
0000:4652      __get_errno_ptr_
0000:4659*     __get_doserrno_ptr_
06b3:0e78+     _errno
06b3:0e7a+     __doserrno


                        +--------------------+
                        |   Libraries Used   |
                        +--------------------+

C:\WATCOM\lib286\dos\graph.lib
C:\WATCOM\lib286\dos\clibl.lib


                        +-----------------------+
                        |   Linker Statistics   |
                        +-----------------------+

Stack size:  1000 (4096.)
Memory size:  89b0 (35248.)
Entry point address: 0000:22ea
Link time: 00:00.10
